// Jest Snapshot v1, https://goo.gl/fbAQLP

exports[`Dashboard should match the snapshot 1`] = `
ShallowWrapper {
  Symbol(enzyme.__root__): [Circular],
  Symbol(enzyme.__unrendered__): <Unknown
    addCollections={[Function]}
    handleSignOut={[Function]}
    history={
        Object {
            "goBack": [Function],
            "location": Object {
              "pathname": "/",
            },
            "push": [Function],
          }
    }
    setProfile={[Function]}
    user={
        Object {
            "avatar": "2 comes out in 2020",
            "bio": "dome",
            "location": "somewhere else",
            "username": "username? username for what?",
          }
    }
/>,
  Symbol(enzyme.__renderer__): Object {
    "batchedUpdates": [Function],
    "getNode": [Function],
    "render": [Function],
    "simulateError": [Function],
    "simulateEvent": [Function],
    "unmount": [Function],
  },
  Symbol(enzyme.__node__): Object {
    "instance": null,
    "key": undefined,
    "nodeType": "host",
    "props": Object {
      "children": Array [
        <p
          className="dashboard-username"
>
          Hello, 
          username? username for what?
          .
</p>,
        <div>
          <NavLink
                    activeClassName="active"
                    aria-current="page"
                    className="dashboard-link dashboard-view-profile"
                    exact={true}
                    onClick={[Function]}
                    to="/user"
          >
                    View Profile
          </NavLink>
          <a
                    className="dashboard-link test3"
                    onClick={[Function]}
          >
                    Edit Profile
          </a>
          <NavLink
                    activeClassName="active"
                    aria-current="page"
                    className="dashboard-link"
                    to="/user/addcollection"
          >
                    Add Collection
          </NavLink>
          <Link
                    className="dashboard-link test4"
                    onClick={[Function]}
                    replace={false}
                    to="/"
          >
                    Sign Out
          </Link>
</div>,
      ],
      "className": "dashboardHide dashboard",
    },
    "ref": null,
    "rendered": Array [
      Object {
        "instance": null,
        "key": undefined,
        "nodeType": "host",
        "props": Object {
          "children": Array [
            "Hello, ",
            "username? username for what?",
            ".",
          ],
          "className": "dashboard-username",
        },
        "ref": null,
        "rendered": Array [
          "Hello, ",
          "username? username for what?",
          ".",
        ],
        "type": "p",
      },
      Object {
        "instance": null,
        "key": undefined,
        "nodeType": "host",
        "props": Object {
          "children": Array [
            <NavLink
              activeClassName="active"
              aria-current="page"
              className="dashboard-link dashboard-view-profile"
              exact={true}
              onClick={[Function]}
              to="/user"
>
              View Profile
</NavLink>,
            <a
              className="dashboard-link test3"
              onClick={[Function]}
>
              Edit Profile
</a>,
            <NavLink
              activeClassName="active"
              aria-current="page"
              className="dashboard-link"
              to="/user/addcollection"
>
              Add Collection
</NavLink>,
            <Link
              className="dashboard-link test4"
              onClick={[Function]}
              replace={false}
              to="/"
>
              Sign Out
</Link>,
          ],
        },
        "ref": null,
        "rendered": Array [
          Object {
            "instance": null,
            "key": undefined,
            "nodeType": "function",
            "props": Object {
              "activeClassName": "active",
              "aria-current": "page",
              "children": "View Profile",
              "className": "dashboard-link dashboard-view-profile",
              "exact": true,
              "onClick": [Function],
              "to": "/user",
            },
            "ref": null,
            "rendered": "View Profile",
            "type": [Function],
          },
          Object {
            "instance": null,
            "key": undefined,
            "nodeType": "host",
            "props": Object {
              "children": "Edit Profile",
              "className": "dashboard-link test3",
              "onClick": [Function],
            },
            "ref": null,
            "rendered": "Edit Profile",
            "type": "a",
          },
          Object {
            "instance": null,
            "key": undefined,
            "nodeType": "function",
            "props": Object {
              "activeClassName": "active",
              "aria-current": "page",
              "children": "Add Collection",
              "className": "dashboard-link",
              "to": "/user/addcollection",
            },
            "ref": null,
            "rendered": "Add Collection",
            "type": [Function],
          },
          Object {
            "instance": null,
            "key": undefined,
            "nodeType": "class",
            "props": Object {
              "children": "Sign Out",
              "className": "dashboard-link test4",
              "onClick": [Function],
              "replace": false,
              "to": "/",
            },
            "ref": null,
            "rendered": "Sign Out",
            "type": [Function],
          },
        ],
        "type": "div",
      },
    ],
    "type": "div",
  },
  Symbol(enzyme.__nodes__): Array [
    Object {
      "instance": null,
      "key": undefined,
      "nodeType": "host",
      "props": Object {
        "children": Array [
          <p
            className="dashboard-username"
>
            Hello, 
            username? username for what?
            .
</p>,
          <div>
            <NavLink
                        activeClassName="active"
                        aria-current="page"
                        className="dashboard-link dashboard-view-profile"
                        exact={true}
                        onClick={[Function]}
                        to="/user"
            >
                        View Profile
            </NavLink>
            <a
                        className="dashboard-link test3"
                        onClick={[Function]}
            >
                        Edit Profile
            </a>
            <NavLink
                        activeClassName="active"
                        aria-current="page"
                        className="dashboard-link"
                        to="/user/addcollection"
            >
                        Add Collection
            </NavLink>
            <Link
                        className="dashboard-link test4"
                        onClick={[Function]}
                        replace={false}
                        to="/"
            >
                        Sign Out
            </Link>
</div>,
        ],
        "className": "dashboardHide dashboard",
      },
      "ref": null,
      "rendered": Array [
        Object {
          "instance": null,
          "key": undefined,
          "nodeType": "host",
          "props": Object {
            "children": Array [
              "Hello, ",
              "username? username for what?",
              ".",
            ],
            "className": "dashboard-username",
          },
          "ref": null,
          "rendered": Array [
            "Hello, ",
            "username? username for what?",
            ".",
          ],
          "type": "p",
        },
        Object {
          "instance": null,
          "key": undefined,
          "nodeType": "host",
          "props": Object {
            "children": Array [
              <NavLink
                activeClassName="active"
                aria-current="page"
                className="dashboard-link dashboard-view-profile"
                exact={true}
                onClick={[Function]}
                to="/user"
>
                View Profile
</NavLink>,
              <a
                className="dashboard-link test3"
                onClick={[Function]}
>
                Edit Profile
</a>,
              <NavLink
                activeClassName="active"
                aria-current="page"
                className="dashboard-link"
                to="/user/addcollection"
>
                Add Collection
</NavLink>,
              <Link
                className="dashboard-link test4"
                onClick={[Function]}
                replace={false}
                to="/"
>
                Sign Out
</Link>,
            ],
          },
          "ref": null,
          "rendered": Array [
            Object {
              "instance": null,
              "key": undefined,
              "nodeType": "function",
              "props": Object {
                "activeClassName": "active",
                "aria-current": "page",
                "children": "View Profile",
                "className": "dashboard-link dashboard-view-profile",
                "exact": true,
                "onClick": [Function],
                "to": "/user",
              },
              "ref": null,
              "rendered": "View Profile",
              "type": [Function],
            },
            Object {
              "instance": null,
              "key": undefined,
              "nodeType": "host",
              "props": Object {
                "children": "Edit Profile",
                "className": "dashboard-link test3",
                "onClick": [Function],
              },
              "ref": null,
              "rendered": "Edit Profile",
              "type": "a",
            },
            Object {
              "instance": null,
              "key": undefined,
              "nodeType": "function",
              "props": Object {
                "activeClassName": "active",
                "aria-current": "page",
                "children": "Add Collection",
                "className": "dashboard-link",
                "to": "/user/addcollection",
              },
              "ref": null,
              "rendered": "Add Collection",
              "type": [Function],
            },
            Object {
              "instance": null,
              "key": undefined,
              "nodeType": "class",
              "props": Object {
                "children": "Sign Out",
                "className": "dashboard-link test4",
                "onClick": [Function],
                "replace": false,
                "to": "/",
              },
              "ref": null,
              "rendered": "Sign Out",
              "type": [Function],
            },
          ],
          "type": "div",
        },
      ],
      "type": "div",
    },
  ],
  Symbol(enzyme.__options__): Object {
    "adapter": ReactSixteenAdapter {
      "options": Object {
        "enableComponentDidUpdateOnSetState": true,
        "lifecycles": Object {
          "componentDidUpdate": Object {
            "onSetState": true,
          },
          "getDerivedStateFromProps": true,
          "getSnapshotBeforeUpdate": true,
          "setState": Object {
            "skipsComponentDidUpdateOnNullish": true,
          },
        },
      },
    },
    "attachTo": undefined,
    "hydrateIn": undefined,
  },
}
`;
