// Jest Snapshot v1, https://goo.gl/fbAQLP

exports[`CollectionBig should match the snapShot 1`] = `undefined`;
