// Jest Snapshot v1, https://goo.gl/fbAQLP

exports[`LandingPage should match the snapShot 1`] = `
ShallowWrapper {
  Symbol(enzyme.__root__): [Circular],
  Symbol(enzyme.__unrendered__): <LandingPage />,
  Symbol(enzyme.__renderer__): Object {
    "batchedUpdates": [Function],
    "getNode": [Function],
    "render": [Function],
    "simulateError": [Function],
    "simulateEvent": [Function],
    "unmount": [Function],
  },
  Symbol(enzyme.__node__): Object {
    "instance": null,
    "key": undefined,
    "nodeType": "host",
    "props": Object {
      "children": Array [
        <section
          className="section parallax bg1"
>
          <h1
                    className="project-name"
          >
                    Collecshare
          </h1>
</section>,
        <section
          className="section static s1"
>
          <h1>
                    Collect.
          </h1>
</section>,
        <section
          className="section parallax bg2"
/>,
        <section
          className="section static s2"
>
          <h1>
                    Share.
          </h1>
</section>,
        <section
          className="section parallax bg3"
/>,
        <section
          className="section static s3"
>
          <h1>
                    Connect.
          </h1>
</section>,
        <section
          className="section parallax bg4"
/>,
        <section
          className="section static s4"
>
          <h1>
                    Explore.
          </h1>
</section>,
      ],
      "className": "wrapper",
    },
    "ref": null,
    "rendered": Array [
      Object {
        "instance": null,
        "key": undefined,
        "nodeType": "host",
        "props": Object {
          "children": <h1
            className="project-name"
>
            Collecshare
</h1>,
          "className": "section parallax bg1",
        },
        "ref": null,
        "rendered": Object {
          "instance": null,
          "key": undefined,
          "nodeType": "host",
          "props": Object {
            "children": "Collecshare",
            "className": "project-name",
          },
          "ref": null,
          "rendered": "Collecshare",
          "type": "h1",
        },
        "type": "section",
      },
      Object {
        "instance": null,
        "key": undefined,
        "nodeType": "host",
        "props": Object {
          "children": <h1>
            Collect.
</h1>,
          "className": "section static s1",
        },
        "ref": null,
        "rendered": Object {
          "instance": null,
          "key": undefined,
          "nodeType": "host",
          "props": Object {
            "children": "Collect.",
          },
          "ref": null,
          "rendered": "Collect.",
          "type": "h1",
        },
        "type": "section",
      },
      Object {
        "instance": null,
        "key": undefined,
        "nodeType": "host",
        "props": Object {
          "className": "section parallax bg2",
        },
        "ref": null,
        "rendered": null,
        "type": "section",
      },
      Object {
        "instance": null,
        "key": undefined,
        "nodeType": "host",
        "props": Object {
          "children": <h1>
            Share.
</h1>,
          "className": "section static s2",
        },
        "ref": null,
        "rendered": Object {
          "instance": null,
          "key": undefined,
          "nodeType": "host",
          "props": Object {
            "children": "Share.",
          },
          "ref": null,
          "rendered": "Share.",
          "type": "h1",
        },
        "type": "section",
      },
      Object {
        "instance": null,
        "key": undefined,
        "nodeType": "host",
        "props": Object {
          "className": "section parallax bg3",
        },
        "ref": null,
        "rendered": null,
        "type": "section",
      },
      Object {
        "instance": null,
        "key": undefined,
        "nodeType": "host",
        "props": Object {
          "children": <h1>
            Connect.
</h1>,
          "className": "section static s3",
        },
        "ref": null,
        "rendered": Object {
          "instance": null,
          "key": undefined,
          "nodeType": "host",
          "props": Object {
            "children": "Connect.",
          },
          "ref": null,
          "rendered": "Connect.",
          "type": "h1",
        },
        "type": "section",
      },
      Object {
        "instance": null,
        "key": undefined,
        "nodeType": "host",
        "props": Object {
          "className": "section parallax bg4",
        },
        "ref": null,
        "rendered": null,
        "type": "section",
      },
      Object {
        "instance": null,
        "key": undefined,
        "nodeType": "host",
        "props": Object {
          "children": <h1>
            Explore.
</h1>,
          "className": "section static s4",
        },
        "ref": null,
        "rendered": Object {
          "instance": null,
          "key": undefined,
          "nodeType": "host",
          "props": Object {
            "children": "Explore.",
          },
          "ref": null,
          "rendered": "Explore.",
          "type": "h1",
        },
        "type": "section",
      },
    ],
    "type": "div",
  },
  Symbol(enzyme.__nodes__): Array [
    Object {
      "instance": null,
      "key": undefined,
      "nodeType": "host",
      "props": Object {
        "children": Array [
          <section
            className="section parallax bg1"
>
            <h1
                        className="project-name"
            >
                        Collecshare
            </h1>
</section>,
          <section
            className="section static s1"
>
            <h1>
                        Collect.
            </h1>
</section>,
          <section
            className="section parallax bg2"
/>,
          <section
            className="section static s2"
>
            <h1>
                        Share.
            </h1>
</section>,
          <section
            className="section parallax bg3"
/>,
          <section
            className="section static s3"
>
            <h1>
                        Connect.
            </h1>
</section>,
          <section
            className="section parallax bg4"
/>,
          <section
            className="section static s4"
>
            <h1>
                        Explore.
            </h1>
</section>,
        ],
        "className": "wrapper",
      },
      "ref": null,
      "rendered": Array [
        Object {
          "instance": null,
          "key": undefined,
          "nodeType": "host",
          "props": Object {
            "children": <h1
              className="project-name"
>
              Collecshare
</h1>,
            "className": "section parallax bg1",
          },
          "ref": null,
          "rendered": Object {
            "instance": null,
            "key": undefined,
            "nodeType": "host",
            "props": Object {
              "children": "Collecshare",
              "className": "project-name",
            },
            "ref": null,
            "rendered": "Collecshare",
            "type": "h1",
          },
          "type": "section",
        },
        Object {
          "instance": null,
          "key": undefined,
          "nodeType": "host",
          "props": Object {
            "children": <h1>
              Collect.
</h1>,
            "className": "section static s1",
          },
          "ref": null,
          "rendered": Object {
            "instance": null,
            "key": undefined,
            "nodeType": "host",
            "props": Object {
              "children": "Collect.",
            },
            "ref": null,
            "rendered": "Collect.",
            "type": "h1",
          },
          "type": "section",
        },
        Object {
          "instance": null,
          "key": undefined,
          "nodeType": "host",
          "props": Object {
            "className": "section parallax bg2",
          },
          "ref": null,
          "rendered": null,
          "type": "section",
        },
        Object {
          "instance": null,
          "key": undefined,
          "nodeType": "host",
          "props": Object {
            "children": <h1>
              Share.
</h1>,
            "className": "section static s2",
          },
          "ref": null,
          "rendered": Object {
            "instance": null,
            "key": undefined,
            "nodeType": "host",
            "props": Object {
              "children": "Share.",
            },
            "ref": null,
            "rendered": "Share.",
            "type": "h1",
          },
          "type": "section",
        },
        Object {
          "instance": null,
          "key": undefined,
          "nodeType": "host",
          "props": Object {
            "className": "section parallax bg3",
          },
          "ref": null,
          "rendered": null,
          "type": "section",
        },
        Object {
          "instance": null,
          "key": undefined,
          "nodeType": "host",
          "props": Object {
            "children": <h1>
              Connect.
</h1>,
            "className": "section static s3",
          },
          "ref": null,
          "rendered": Object {
            "instance": null,
            "key": undefined,
            "nodeType": "host",
            "props": Object {
              "children": "Connect.",
            },
            "ref": null,
            "rendered": "Connect.",
            "type": "h1",
          },
          "type": "section",
        },
        Object {
          "instance": null,
          "key": undefined,
          "nodeType": "host",
          "props": Object {
            "className": "section parallax bg4",
          },
          "ref": null,
          "rendered": null,
          "type": "section",
        },
        Object {
          "instance": null,
          "key": undefined,
          "nodeType": "host",
          "props": Object {
            "children": <h1>
              Explore.
</h1>,
            "className": "section static s4",
          },
          "ref": null,
          "rendered": Object {
            "instance": null,
            "key": undefined,
            "nodeType": "host",
            "props": Object {
              "children": "Explore.",
            },
            "ref": null,
            "rendered": "Explore.",
            "type": "h1",
          },
          "type": "section",
        },
      ],
      "type": "div",
    },
  ],
  Symbol(enzyme.__options__): Object {
    "adapter": ReactSixteenAdapter {
      "options": Object {
        "enableComponentDidUpdateOnSetState": true,
        "lifecycles": Object {
          "componentDidUpdate": Object {
            "onSetState": true,
          },
          "getDerivedStateFromProps": true,
          "getSnapshotBeforeUpdate": true,
          "setState": Object {
            "skipsComponentDidUpdateOnNullish": true,
          },
        },
      },
    },
    "attachTo": undefined,
    "hydrateIn": undefined,
  },
}
`;
