// Jest Snapshot v1, https://goo.gl/fbAQLP

exports[`UserProfile should match the snapShot 1`] = `
ShallowWrapper {
  Symbol(enzyme.__root__): [Circular],
  Symbol(enzyme.__unrendered__): <UserProfile
    profile={
        Object {
            "avatar": "2 comes out in 2020",
            "bio": "dome",
            "location": "somewhere else",
            "username": "username? username for what?",
          }
    }
/>,
  Symbol(enzyme.__renderer__): Object {
    "batchedUpdates": [Function],
    "getNode": [Function],
    "render": [Function],
    "simulateError": [Function],
    "simulateEvent": [Function],
    "unmount": [Function],
  },
  Symbol(enzyme.__node__): Object {
    "instance": null,
    "key": undefined,
    "nodeType": "host",
    "props": Object {
      "children": Array [
        <div
          className="user-profile-background"
/>,
        <div
          className="user-profile"
>
          <h1
                    className="profile-display-name"
          >
                    username? username for what?
          </h1>
          <section
                    className="profile-top"
          >
                    <div>
                              <p
                                        className="profile-location"
                              >
                                        LOCATION: 
                                        <span
                                                  className="profile-location-span"
                                        >
                                                  somewhere else
                                        </span>
                              </p>
                              <p
                                        className="profile-bio"
                              >
                                        ABOUT ME: 
                                        <span
                                                  className="profile-bio-span"
                                        >
                                                  dome
                                        </span>
                              </p>
                    </div>
                    <div
                              className="profile-avatar-container"
                    >
                              <img
                                        alt="profile"
                                        className="profile-img"
                                        src="https://collecshare.herokuapp.com/2 comes out in 2020"
                              />
                    </div>
          </section>
          <section
                    className="profile-collections"
          >
                    <p
                              className="message"
                    >
                              No Collections yet!
                    </p>
          </section>
</div>,
      ],
    },
    "ref": null,
    "rendered": Array [
      Object {
        "instance": null,
        "key": undefined,
        "nodeType": "host",
        "props": Object {
          "className": "user-profile-background",
        },
        "ref": null,
        "rendered": null,
        "type": "div",
      },
      Object {
        "instance": null,
        "key": undefined,
        "nodeType": "host",
        "props": Object {
          "children": Array [
            <h1
              className="profile-display-name"
>
              username? username for what?
</h1>,
            <section
              className="profile-top"
>
              <div>
                            <p
                                          className="profile-location"
                            >
                                          LOCATION: 
                                          <span
                                                        className="profile-location-span"
                                          >
                                                        somewhere else
                                          </span>
                            </p>
                            <p
                                          className="profile-bio"
                            >
                                          ABOUT ME: 
                                          <span
                                                        className="profile-bio-span"
                                          >
                                                        dome
                                          </span>
                            </p>
              </div>
              <div
                            className="profile-avatar-container"
              >
                            <img
                                          alt="profile"
                                          className="profile-img"
                                          src="https://collecshare.herokuapp.com/2 comes out in 2020"
                            />
              </div>
</section>,
            <section
              className="profile-collections"
>
              <p
                            className="message"
              >
                            No Collections yet!
              </p>
</section>,
          ],
          "className": "user-profile",
        },
        "ref": null,
        "rendered": Array [
          Object {
            "instance": null,
            "key": undefined,
            "nodeType": "host",
            "props": Object {
              "children": "username? username for what?",
              "className": "profile-display-name",
            },
            "ref": null,
            "rendered": "username? username for what?",
            "type": "h1",
          },
          Object {
            "instance": null,
            "key": undefined,
            "nodeType": "host",
            "props": Object {
              "children": Array [
                <div>
                  <p
                                    className="profile-location"
                  >
                                    LOCATION: 
                                    <span
                                                      className="profile-location-span"
                                    >
                                                      somewhere else
                                    </span>
                  </p>
                  <p
                                    className="profile-bio"
                  >
                                    ABOUT ME: 
                                    <span
                                                      className="profile-bio-span"
                                    >
                                                      dome
                                    </span>
                  </p>
</div>,
                <div
                  className="profile-avatar-container"
>
                  <img
                                    alt="profile"
                                    className="profile-img"
                                    src="https://collecshare.herokuapp.com/2 comes out in 2020"
                  />
</div>,
              ],
              "className": "profile-top",
            },
            "ref": null,
            "rendered": Array [
              Object {
                "instance": null,
                "key": undefined,
                "nodeType": "host",
                "props": Object {
                  "children": Array [
                    <p
                      className="profile-location"
>
                      LOCATION: 
                      <span
                                            className="profile-location-span"
                      >
                                            somewhere else
                      </span>
</p>,
                    <p
                      className="profile-bio"
>
                      ABOUT ME: 
                      <span
                                            className="profile-bio-span"
                      >
                                            dome
                      </span>
</p>,
                  ],
                },
                "ref": null,
                "rendered": Array [
                  Object {
                    "instance": null,
                    "key": undefined,
                    "nodeType": "host",
                    "props": Object {
                      "children": Array [
                        "LOCATION: ",
                        <span
                          className="profile-location-span"
>
                          somewhere else
</span>,
                      ],
                      "className": "profile-location",
                    },
                    "ref": null,
                    "rendered": Array [
                      "LOCATION: ",
                      Object {
                        "instance": null,
                        "key": undefined,
                        "nodeType": "host",
                        "props": Object {
                          "children": "somewhere else",
                          "className": "profile-location-span",
                        },
                        "ref": null,
                        "rendered": "somewhere else",
                        "type": "span",
                      },
                    ],
                    "type": "p",
                  },
                  Object {
                    "instance": null,
                    "key": undefined,
                    "nodeType": "host",
                    "props": Object {
                      "children": Array [
                        "ABOUT ME: ",
                        <span
                          className="profile-bio-span"
>
                          dome
</span>,
                      ],
                      "className": "profile-bio",
                    },
                    "ref": null,
                    "rendered": Array [
                      "ABOUT ME: ",
                      Object {
                        "instance": null,
                        "key": undefined,
                        "nodeType": "host",
                        "props": Object {
                          "children": "dome",
                          "className": "profile-bio-span",
                        },
                        "ref": null,
                        "rendered": "dome",
                        "type": "span",
                      },
                    ],
                    "type": "p",
                  },
                ],
                "type": "div",
              },
              Object {
                "instance": null,
                "key": undefined,
                "nodeType": "host",
                "props": Object {
                  "children": <img
                    alt="profile"
                    className="profile-img"
                    src="https://collecshare.herokuapp.com/2 comes out in 2020"
/>,
                  "className": "profile-avatar-container",
                },
                "ref": null,
                "rendered": Object {
                  "instance": null,
                  "key": undefined,
                  "nodeType": "host",
                  "props": Object {
                    "alt": "profile",
                    "className": "profile-img",
                    "src": "https://collecshare.herokuapp.com/2 comes out in 2020",
                  },
                  "ref": null,
                  "rendered": null,
                  "type": "img",
                },
                "type": "div",
              },
            ],
            "type": "section",
          },
          Object {
            "instance": null,
            "key": undefined,
            "nodeType": "host",
            "props": Object {
              "children": <p
                className="message"
>
                No Collections yet!
</p>,
              "className": "profile-collections",
            },
            "ref": null,
            "rendered": Object {
              "instance": null,
              "key": undefined,
              "nodeType": "host",
              "props": Object {
                "children": "No Collections yet!",
                "className": "message",
              },
              "ref": null,
              "rendered": "No Collections yet!",
              "type": "p",
            },
            "type": "section",
          },
        ],
        "type": "div",
      },
    ],
    "type": "div",
  },
  Symbol(enzyme.__nodes__): Array [
    Object {
      "instance": null,
      "key": undefined,
      "nodeType": "host",
      "props": Object {
        "children": Array [
          <div
            className="user-profile-background"
/>,
          <div
            className="user-profile"
>
            <h1
                        className="profile-display-name"
            >
                        username? username for what?
            </h1>
            <section
                        className="profile-top"
            >
                        <div>
                                    <p
                                                className="profile-location"
                                    >
                                                LOCATION: 
                                                <span
                                                            className="profile-location-span"
                                                >
                                                            somewhere else
                                                </span>
                                    </p>
                                    <p
                                                className="profile-bio"
                                    >
                                                ABOUT ME: 
                                                <span
                                                            className="profile-bio-span"
                                                >
                                                            dome
                                                </span>
                                    </p>
                        </div>
                        <div
                                    className="profile-avatar-container"
                        >
                                    <img
                                                alt="profile"
                                                className="profile-img"
                                                src="https://collecshare.herokuapp.com/2 comes out in 2020"
                                    />
                        </div>
            </section>
            <section
                        className="profile-collections"
            >
                        <p
                                    className="message"
                        >
                                    No Collections yet!
                        </p>
            </section>
</div>,
        ],
      },
      "ref": null,
      "rendered": Array [
        Object {
          "instance": null,
          "key": undefined,
          "nodeType": "host",
          "props": Object {
            "className": "user-profile-background",
          },
          "ref": null,
          "rendered": null,
          "type": "div",
        },
        Object {
          "instance": null,
          "key": undefined,
          "nodeType": "host",
          "props": Object {
            "children": Array [
              <h1
                className="profile-display-name"
>
                username? username for what?
</h1>,
              <section
                className="profile-top"
>
                <div>
                                <p
                                                className="profile-location"
                                >
                                                LOCATION: 
                                                <span
                                                                className="profile-location-span"
                                                >
                                                                somewhere else
                                                </span>
                                </p>
                                <p
                                                className="profile-bio"
                                >
                                                ABOUT ME: 
                                                <span
                                                                className="profile-bio-span"
                                                >
                                                                dome
                                                </span>
                                </p>
                </div>
                <div
                                className="profile-avatar-container"
                >
                                <img
                                                alt="profile"
                                                className="profile-img"
                                                src="https://collecshare.herokuapp.com/2 comes out in 2020"
                                />
                </div>
</section>,
              <section
                className="profile-collections"
>
                <p
                                className="message"
                >
                                No Collections yet!
                </p>
</section>,
            ],
            "className": "user-profile",
          },
          "ref": null,
          "rendered": Array [
            Object {
              "instance": null,
              "key": undefined,
              "nodeType": "host",
              "props": Object {
                "children": "username? username for what?",
                "className": "profile-display-name",
              },
              "ref": null,
              "rendered": "username? username for what?",
              "type": "h1",
            },
            Object {
              "instance": null,
              "key": undefined,
              "nodeType": "host",
              "props": Object {
                "children": Array [
                  <div>
                    <p
                                        className="profile-location"
                    >
                                        LOCATION: 
                                        <span
                                                            className="profile-location-span"
                                        >
                                                            somewhere else
                                        </span>
                    </p>
                    <p
                                        className="profile-bio"
                    >
                                        ABOUT ME: 
                                        <span
                                                            className="profile-bio-span"
                                        >
                                                            dome
                                        </span>
                    </p>
</div>,
                  <div
                    className="profile-avatar-container"
>
                    <img
                                        alt="profile"
                                        className="profile-img"
                                        src="https://collecshare.herokuapp.com/2 comes out in 2020"
                    />
</div>,
                ],
                "className": "profile-top",
              },
              "ref": null,
              "rendered": Array [
                Object {
                  "instance": null,
                  "key": undefined,
                  "nodeType": "host",
                  "props": Object {
                    "children": Array [
                      <p
                        className="profile-location"
>
                        LOCATION: 
                        <span
                                                className="profile-location-span"
                        >
                                                somewhere else
                        </span>
</p>,
                      <p
                        className="profile-bio"
>
                        ABOUT ME: 
                        <span
                                                className="profile-bio-span"
                        >
                                                dome
                        </span>
</p>,
                    ],
                  },
                  "ref": null,
                  "rendered": Array [
                    Object {
                      "instance": null,
                      "key": undefined,
                      "nodeType": "host",
                      "props": Object {
                        "children": Array [
                          "LOCATION: ",
                          <span
                            className="profile-location-span"
>
                            somewhere else
</span>,
                        ],
                        "className": "profile-location",
                      },
                      "ref": null,
                      "rendered": Array [
                        "LOCATION: ",
                        Object {
                          "instance": null,
                          "key": undefined,
                          "nodeType": "host",
                          "props": Object {
                            "children": "somewhere else",
                            "className": "profile-location-span",
                          },
                          "ref": null,
                          "rendered": "somewhere else",
                          "type": "span",
                        },
                      ],
                      "type": "p",
                    },
                    Object {
                      "instance": null,
                      "key": undefined,
                      "nodeType": "host",
                      "props": Object {
                        "children": Array [
                          "ABOUT ME: ",
                          <span
                            className="profile-bio-span"
>
                            dome
</span>,
                        ],
                        "className": "profile-bio",
                      },
                      "ref": null,
                      "rendered": Array [
                        "ABOUT ME: ",
                        Object {
                          "instance": null,
                          "key": undefined,
                          "nodeType": "host",
                          "props": Object {
                            "children": "dome",
                            "className": "profile-bio-span",
                          },
                          "ref": null,
                          "rendered": "dome",
                          "type": "span",
                        },
                      ],
                      "type": "p",
                    },
                  ],
                  "type": "div",
                },
                Object {
                  "instance": null,
                  "key": undefined,
                  "nodeType": "host",
                  "props": Object {
                    "children": <img
                      alt="profile"
                      className="profile-img"
                      src="https://collecshare.herokuapp.com/2 comes out in 2020"
/>,
                    "className": "profile-avatar-container",
                  },
                  "ref": null,
                  "rendered": Object {
                    "instance": null,
                    "key": undefined,
                    "nodeType": "host",
                    "props": Object {
                      "alt": "profile",
                      "className": "profile-img",
                      "src": "https://collecshare.herokuapp.com/2 comes out in 2020",
                    },
                    "ref": null,
                    "rendered": null,
                    "type": "img",
                  },
                  "type": "div",
                },
              ],
              "type": "section",
            },
            Object {
              "instance": null,
              "key": undefined,
              "nodeType": "host",
              "props": Object {
                "children": <p
                  className="message"
>
                  No Collections yet!
</p>,
                "className": "profile-collections",
              },
              "ref": null,
              "rendered": Object {
                "instance": null,
                "key": undefined,
                "nodeType": "host",
                "props": Object {
                  "children": "No Collections yet!",
                  "className": "message",
                },
                "ref": null,
                "rendered": "No Collections yet!",
                "type": "p",
              },
              "type": "section",
            },
          ],
          "type": "div",
        },
      ],
      "type": "div",
    },
  ],
  Symbol(enzyme.__options__): Object {
    "adapter": ReactSixteenAdapter {
      "options": Object {
        "enableComponentDidUpdateOnSetState": true,
        "lifecycles": Object {
          "componentDidUpdate": Object {
            "onSetState": true,
          },
          "getDerivedStateFromProps": true,
          "getSnapshotBeforeUpdate": true,
          "setState": Object {
            "skipsComponentDidUpdateOnNullish": true,
          },
        },
      },
    },
    "attachTo": undefined,
    "hydrateIn": undefined,
  },
}
`;
